Ok(
    Expr(
        Lambda {
            arg: Bind,
            body: Expr(
                Lambda {
                    arg: Bind,
                    body: Expr(
                        LetIn {
                            exprs: [
                                Expr(
                                    Apply {
                                        lambda: Expr(
                                            Apply {
                                                lambda: Expr(
                                                    Builtin(
                                                        GetAttr,
                                                    ),
                                                ),
                                                value: Expr(
                                                    Literal(
                                                        String(
                                                            "a",
                                                        ),
                                                    ),
                                                ),
                                            },
                                        ),
                                        value: Debruijn(
                                            1,
                                        ),
                                    },
                                ),
                            ],
                            body: Expr(
                                List {
                                    items: [
                                        Debruijn(
                                            2,
                                        ),
                                        Debruijn(
                                            1,
                                        ),
                                        Expr(
                                            Apply {
                                                lambda: Expr(
                                                    Apply {
                                                        lambda: Expr(
                                                            Builtin(
                                                                GetAttr,
                                                            ),
                                                        ),
                                                        value: Expr(
                                                            Literal(
                                                                String(
                                                                    "foo",
                                                                ),
                                                            ),
                                                        ),
                                                    },
                                                ),
                                                value: Debruijn(
                                                    0,
                                                ),
                                            },
                                        ),
                                        Expr(
                                            Lambda {
                                                arg: Bind,
                                                body: Expr(
                                                    LetIn {
                                                        exprs: [
                                                            Debruijn(
                                                                4,
                                                            ),
                                                        ],
                                                        body: Expr(
                                                            List {
                                                                items: [
                                                                    Debruijn(
                                                                        4,
                                                                    ),
                                                                    Debruijn(
                                                                        1,
                                                                    ),
                                                                    Expr(
                                                                        Apply {
                                                                            lambda: Expr(
                                                                                Apply {
                                                                                    lambda: Expr(
                                                                                        Builtin(
                                                                                            GetAttr,
                                                                                        ),
                                                                                    ),
                                                                                    value: Expr(
                                                                                        Literal(
                                                                                            String(
                                                                                                "bar",
                                                                                            ),
                                                                                        ),
                                                                                    ),
                                                                                },
                                                                            ),
                                                                            value: Debruijn(
                                                                                0,
                                                                            ),
                                                                        },
                                                                    ),
                                                                ],
                                                            },
                                                        ),
                                                    },
                                                ),
                                            },
                                        ),
                                        Expr(
                                            Lambda {
                                                arg: Bind,
                                                body: Expr(
                                                    LetIn {
                                                        exprs: [
                                                            Expr(
                                                                Apply {
                                                                    lambda: Expr(
                                                                        Apply {
                                                                            lambda: Expr(
                                                                                Builtin(
                                                                                    GetAttr,
                                                                                ),
                                                                            ),
                                                                            value: Expr(
                                                                                Literal(
                                                                                    String(
                                                                                        "fox",
                                                                                    ),
                                                                                ),
                                                                            ),
                                                                        },
                                                                    ),
                                                                    value: Debruijn(
                                                                        2,
                                                                    ),
                                                                },
                                                            ),
                                                        ],
                                                        body: Expr(
                                                            List {
                                                                items: [
                                                                    Debruijn(
                                                                        4,
                                                                    ),
                                                                    Expr(
                                                                        Apply {
                                                                            lambda: Expr(
                                                                                Apply {
                                                                                    lambda: Expr(
                                                                                        Builtin(
                                                                                            GetAttr,
                                                                                        ),
                                                                                    ),
                                                                                    value: Expr(
                                                                                        Literal(
                                                                                            String(
                                                                                                "x",
                                                                                            ),
                                                                                        ),
                                                                                    ),
                                                                                },
                                                                            ),
                                                                            value: Debruijn(
                                                                                0,
                                                                            ),
                                                                        },
                                                                    ),
                                                                    Expr(
                                                                        Apply {
                                                                            lambda: Expr(
                                                                                Apply {
                                                                                    lambda: Expr(
                                                                                        Builtin(
                                                                                            GetAttr,
                                                                                        ),
                                                                                    ),
                                                                                    value: Expr(
                                                                                        Literal(
                                                                                            String(
                                                                                                "fog",
                                                                                            ),
                                                                                        ),
                                                                                    ),
                                                                                },
                                                                            ),
                                                                            value: Debruijn(
                                                                                0,
                                                                            ),
                                                                        },
                                                                    ),
                                                                ],
                                                            },
                                                        ),
                                                    },
                                                ),
                                            },
                                        ),
                                    ],
                                },
                            ),
                        },
                    ),
                },
            ),
        },
    ),
)