Ok(
    Expr(
        Lambda {
            arg: ClosePattern {
                required_names: [
                    "b",
                    "c",
                ],
                optional_names: {},
            },
            body: Expr(
                LetIn {
                    exprs: [
                        Expr(
                            Select {
                                set: Debruijn(
                                    2,
                                ),
                                index: Expr(
                                    Literal(
                                        String(
                                            "b",
                                        ),
                                    ),
                                ),
                                or_default: None,
                            },
                        ),
                        Expr(
                            Select {
                                set: Debruijn(
                                    2,
                                ),
                                index: Expr(
                                    Literal(
                                        String(
                                            "c",
                                        ),
                                    ),
                                ),
                                or_default: None,
                            },
                        ),
                    ],
                    body: Expr(
                        LetIn {
                            exprs: [
                                Debruijn(
                                    1,
                                ),
                            ],
                            body: Expr(
                                AttrSet {
                                    entries: {
                                        "a": Expr(
                                            Literal(
                                                Int(
                                                    1,
                                                ),
                                            ),
                                        ),
                                        "b": Debruijn(
                                            2,
                                        ),
                                        "d": Expr(
                                            Select {
                                                set: Debruijn(
                                                    0,
                                                ),
                                                index: Expr(
                                                    Literal(
                                                        String(
                                                            "d",
                                                        ),
                                                    ),
                                                ),
                                                or_default: None,
                                            },
                                        ),
                                    },
                                    dynamics: [],
                                },
                            ),
                        },
                    ),
                },
            ),
        },
    ),
)