{
  a = <LAMBDA>;
  b = <LAMBDA>;
  c = <LAMBDA>;
  d = <LAMBDA>;
  e = <LAMBDA>;
}