[
  [
    1
    1
    3
    5
    5
    6
    7
    7
    8
    9
  ]
  [
    2
    4
    5
    5
    9
    10
    10
    11
    12
    13
    14
    16
    16
    16
    16
    18
    18
    18
    19
    20
  ]
]