{
  typeOf = [
    "bool"
    "int"
    "float"
    "set"
    "list"
    "list"
    "list"
    "lambda"
    "set"
  ];
}