BuiltinError {
    reason: "Builtin not implemented: , LessThan",
}